Updating project

Version main
-------------


In Filesystem.php line 105:
                                                            
  Failed to create "docs/cache/html": mkdir(): File exists  
                                                            

update [--only-version ONLY-VERSION] [--force] [--output-format OUTPUT-FORMAT] [--no-progress] [--ignore-parse-errors] [--] <config>
